########################################
#::::::::::::::::::::::::::::::::::::::#
#::::::::::::::::::::::::::::::::::::::#
#::::::::::::::::::::::::::::::::::::::#
#::::::::::::::::::::::::::::::::::::::#
#::::::::::::::::::::::::::::::::::::::#
#::::::::::::::::::::::::::::::::::::::#
#::::::::::::::::::::::::::::::::::::::#
#::::::::::::::::::::::::::::::::::::::#
#::::::::::::::::::::::::::::::::::::::#
#::::::::::::::::::::::::::::::::::::::#
#::::::::::::::::::::::::::::::::::::::#
#::::::::::::::::::::::::::::::::::::::#
#::::::::::::::::::::::::::::::::::::::#
#::::::::::::::::::::::::::::::::::::::#
#::::::::::::::::::::::::::::::::::::::#
#::::::::::::::::::::::::::::::::::::::#
########################################
######################
#::::::::::::::::::::#
#::::::::::::::::::::#
#::::::::::::::::::::#
#::::::::::::::::::::#
#::::::::::::::::::::#
#::::::::::::::::::::#
#::::::::::::::::::::#
#::::::::::::::::::::#
######################
##########
#::::::::#
#::::::::#
#::::::::#
#::::::::#
#::::::::#
#::::::::#
#::::::::#
#::::::::#
#::::::::#
#::::::::#
#::::::::#
#::::::::#
#::::::::#
#::::::::#
##########
##########
#::::::::#
#::::::::#
#::::::::#
#::::::::#
#::::::::#
#::::::::#
#::::::::#
#::::::::#
#::::::::#
#::::::::#
#::::::::#
#::::::::#
#::::::::#
#::::::::#
##########
#####################################
#:::::::::::::::::::::::::::::::::::#
#:::::::::::::::::::::::::::::::::::#
#:::::::::::::::::::::::::::::::::::#
#:::::::::::::::::::::::::::::::::::#
#:::::::::::::::::::::::::::::::::::#
#:::::::::::::::::::::::::::::::::::#
#:::::::::::::::::::::::::::::::::::#
#:::::::::::::::::::::::::::::::::::#
#:::::::::::::::::::::::::::::::::::#
#:::::::::::::::::::::::::::::::::::#
#:::::::::::::::::::::::::::::::::::#
#:::::::::::::::::::::::::::::::::::#
#:::::::::::::::::::::::::::::::::::#
#:::::::::::::::::::::::::::::::::::#
#:::::::::::::::::::::::::::::::::::#
#:::::::::::::::::::::::::::::::::::#
#####################################
#######
#:::::#
#:::::#
#:::::#
#:::::#
#:::::#
#:::::#
#:::::#
#:::::#
#:::::#
#:::::#
#:::::#
#:::::#
#:::::#
#:::::#
#:::::#
#######
###################################
#:::::::::::::::::::::::::::::::::#
#:::::::::::::::::::::::::::::::::#
#:::::::::::::::::::::::::::::::::#
#:::::::::::::::::::::::::::::::::#
#:::::::::::::::::::::::::::::::::#
#:::::::::::::::::::::::::::::::::#
#:::::::::::::::::::::::::::::::::#
#:::::::::::::::::::::::::::::::::#
#:::::::::::::::::::::::::::::::::#
#:::::::::::::::::::::::::::::::::#
#:::::::::::::::::::::::::::::::::#
#:::::::::::::::::::::::::::::::::#
#:::::::::::::::::::::::::::::::::#
#:::::::::::::::::::::::::::::::::#
#:::::::::::::::::::::::::::::::::#
#:::::::::::::::::::::::::::::::::#
#:::::::::::::::::::::::::::::::::#
#:::::::::::::::::::::::::::::::::#
#:::::::::::::::::::::::::::::::::#
#:::::::::::::::::::::::::::::::::#
#:::::::::::::::::::::::::::::::::#
#:::::::::::::::::::::::::::::::::#
#:::::::::::::::::::::::::::::::::#
#:::::::::::::::::::::::::::::::::#
#:::::::::::::::::::::::::::::::::#
#:::::::::::::::::::::::::::::::::#
#:::::::::::::::::::::::::::::::::#
###################################
#########################
#:::::::::::::::::::::::#
#:::::::::::::::::::::::#
#:::::::::::::::::::::::#
#:::::::::::::::::::::::#
#:::::::::::::::::::::::#
#:::::::::::::::::::::::#
#:::::::::::::::::::::::#
#:::::::::::::::::::::::#
#:::::::::::::::::::::::#
#:::::::::::::::::::::::#
#:::::::::::::::::::::::#
#:::::::::::::::::::::::#
#:::::::::::::::::::::::#
#:::::::::::::::::::::::#
#:::::::::::::::::::::::#
#:::::::::::::::::::::::#
#:::::::::::::::::::::::#
#:::::::::::::::::::::::#
#:::::::::::::::::::::::#
#:::::::::::::::::::::::#
#:::::::::::::::::::::::#
#:::::::::::::::::::::::#
#:::::::::::::::::::::::#
#:::::::::::::::::::::::#
#:::::::::::::::::::::::#
#:::::::::::::::::::::::#
#:::::::::::::::::::::::#
#########################
#####################################
#:::::::::::::::::::::::::::::::::::#
#:::::::::::::::::::::::::::::::::::#
#:::::::::::::::::::::::::::::::::::#
#:::::::::::::::::::::::::::::::::::#
#:::::::::::::::::::::::::::::::::::#
#:::::::::::::::::::::::::::::::::::#
#:::::::::::::::::::::::::::::::::::#
#:::::::::::::::::::::::::::::::::::#
#:::::::::::::::::::::::::::::::::::#
#:::::::::::::::::::::::::::::::::::#
#####################################
########################################
#::::::::::::::::::::::::::::::::::::::#
#::::::::::::::::::::::::::::::::::::::#
#::::::::::::::::::::::::::::::::::::::#
#::::::::::::::::::::::::::::::::::::::#
#::::::::::::::::::::::::::::::::::::::#
#::::::::::::::::::::::::::::::::::::::#
#::::::::::::::::::::::::::::::::::::::#
#::::::::::::::::::::::::::::::::::::::#
#::::::::::::::::::::::::::::::::::::::#
#::::::::::::::::::::::::::::::::::::::#
#::::::::::::::::::::::::::::::::::::::#
#::::::::::::::::::::::::::::::::::::::#
#::::::::::::::::::::::::::::::::::::::#
#::::::::::::::::::::::::::::::::::::::#
#::::::::::::::::::::::::::::::::::::::#
#::::::::::::::::::::::::::::::::::::::#
#::::::::::::::::::::::::::::::::::::::#
#::::::::::::::::::::::::::::::::::::::#
#::::::::::::::::::::::::::::::::::::::#
#::::::::::::::::::::::::::::::::::::::#
########################################
#####
#:::#
#:::#
#:::#
#:::#
#:::#
#:::#
#:::#
#:::#
#:::#
#:::#
#:::#
#:::#
#:::#
#:::#
#:::#
#:::#
#:::#
#:::#
#:::#
#:::#
#:::#
#:::#
#:::#
#:::#
#:::#
#:::#
#:::#
#:::#
#####
###################################
#:::::::::::::::::::::::::::::::::#
#:::::::::::::::::::::::::::::::::#
#:::::::::::::::::::::::::::::::::#
#:::::::::::::::::::::::::::::::::#
#:::::::::::::::::::::::::::::::::#
#:::::::::::::::::::::::::::::::::#
#:::::::::::::::::::::::::::::::::#
#:::::::::::::::::::::::::::::::::#
#:::::::::::::::::::::::::::::::::#
#:::::::::::::::::::::::::::::::::#
#:::::::::::::::::::::::::::::::::#
#:::::::::::::::::::::::::::::::::#
###################################
##########
#::::::::#
#::::::::#
#::::::::#
#::::::::#
#::::::::#
#::::::::#
#::::::::#
#::::::::#
#::::::::#
#::::::::#
#::::::::#
#::::::::#
#::::::::#
#::::::::#
#::::::::#
#::::::::#
#::::::::#
#::::::::#
#::::::::#
#::::::::#
#::::::::#
#::::::::#
#::::::::#
#::::::::#
#::::::::#
#::::::::#
#::::::::#
##########
#############################
#:::::::::::::::::::::::::::#
#:::::::::::::::::::::::::::#
#:::::::::::::::::::::::::::#
#:::::::::::::::::::::::::::#
#:::::::::::::::::::::::::::#
#:::::::::::::::::::::::::::#
#:::::::::::::::::::::::::::#
#:::::::::::::::::::::::::::#
#:::::::::::::::::::::::::::#
#:::::::::::::::::::::::::::#
#:::::::::::::::::::::::::::#
#:::::::::::::::::::::::::::#
#:::::::::::::::::::::::::::#
#:::::::::::::::::::::::::::#
#:::::::::::::::::::::::::::#
#############################
############
#::::::::::#
#::::::::::#
#::::::::::#
#::::::::::#
#::::::::::#
#::::::::::#
#::::::::::#
#::::::::::#
#::::::::::#
#::::::::::#
#::::::::::#
#::::::::::#
#::::::::::#
#::::::::::#
#::::::::::#
#::::::::::#
#::::::::::#
#::::::::::#
#::::::::::#
#::::::::::#
#::::::::::#
#::::::::::#
#::::::::::#
#::::::::::#
#::::::::::#
#::::::::::#
#::::::::::#
############
################
#::::::::::::::#
#::::::::::::::#
#::::::::::::::#
#::::::::::::::#
#::::::::::::::#
#::::::::::::::#
#::::::::::::::#
#::::::::::::::#
#::::::::::::::#
#::::::::::::::#
#::::::::::::::#
#::::::::::::::#
#::::::::::::::#
#::::::::::::::#
################
#######################
#:::::::::::::::::::::#
#:::::::::::::::::::::#
#:::::::::::::::::::::#
#:::::::::::::::::::::#
#:::::::::::::::::::::#
#:::::::::::::::::::::#
#:::::::::::::::::::::#
#:::::::::::::::::::::#
#:::::::::::::::::::::#
#:::::::::::::::::::::#
#:::::::::::::::::::::#
#:::::::::::::::::::::#
#:::::::::::::::::::::#
#:::::::::::::::::::::#
#:::::::::::::::::::::#
#:::::::::::::::::::::#
#:::::::::::::::::::::#
#:::::::::::::::::::::#
#:::::::::::::::::::::#
#:::::::::::::::::::::#
#:::::::::::::::::::::#
#:::::::::::::::::::::#
#:::::::::::::::::::::#
#:::::::::::::::::::::#
#######################
###############
#:::::::::::::#
#:::::::::::::#
#:::::::::::::#
#:::::::::::::#
#:::::::::::::#
#:::::::::::::#
#:::::::::::::#
#:::::::::::::#
#:::::::::::::#
#:::::::::::::#
#:::::::::::::#
#:::::::::::::#
#:::::::::::::#
#:::::::::::::#
#:::::::::::::#
#:::::::::::::#
#:::::::::::::#
#:::::::::::::#
#:::::::::::::#
#:::::::::::::#
#:::::::::::::#
#:::::::::::::#
#:::::::::::::#
#:::::::::::::#
#:::::::::::::#
#:::::::::::::#
#:::::::::::::#
#:::::::::::::#
#:::::::::::::#
#:::::::::::::#
#:::::::::::::#
#:::::::::::::#
#:::::::::::::#
#:::::::::::::#
#:::::::::::::#
#:::::::::::::#
#:::::::::::::#
#:::::::::::::#
###############
######
#::::#
#::::#
#::::#
#::::#
#::::#
#::::#
#::::#
#::::#
#::::#
#::::#
#::::#
#::::#
#::::#
#::::#
#::::#
#::::#
#::::#
#::::#
#::::#
#::::#
#::::#
#::::#
#::::#
#::::#
#::::#
#::::#
#::::#
#::::#
#::::#
######
#######
#:::::#
#:::::#
#:::::#
#:::::#
#:::::#
#:::::#
#:::::#
#:::::#
#:::::#
#:::::#
#:::::#
#:::::#
#:::::#
#:::::#
#:::::#
#:::::#
#:::::#
#:::::#
#:::::#
#:::::#
#:::::#
#:::::#
#:::::#
#:::::#
#:::::#
#:::::#
#:::::#
#:::::#
#:::::#
#:::::#
#:::::#
#:::::#
#:::::#
#:::::#
#:::::#
#######
################################
#::::::::::::::::::::::::::::::#
#::::::::::::::::::::::::::::::#
#::::::::::::::::::::::::::::::#
#::::::::::::::::::::::::::::::#
#::::::::::::::::::::::::::::::#
#::::::::::::::::::::::::::::::#
#::::::::::::::::::::::::::::::#
#::::::::::::::::::::::::::::::#
#::::::::::::::::::::::::::::::#
#::::::::::::::::::::::::::::::#
#::::::::::::::::::::::::::::::#
#::::::::::::::::::::::::::::::#
#::::::::::::::::::::::::::::::#
#::::::::::::::::::::::::::::::#
#::::::::::::::::::::::::::::::#
#::::::::::::::::::::::::::::::#
################################
####################################
#::::::::::::::::::::::::::::::::::#
#::::::::::::::::::::::::::::::::::#
#::::::::::::::::::::::::::::::::::#
#::::::::::::::::::::::::::::::::::#
#::::::::::::::::::::::::::::::::::#
#::::::::::::::::::::::::::::::::::#
#::::::::::::::::::::::::::::::::::#
#::::::::::::::::::::::::::::::::::#
#::::::::::::::::::::::::::::::::::#
#::::::::::::::::::::::::::::::::::#
#::::::::::::::::::::::::::::::::::#
#::::::::::::::::::::::::::::::::::#
#::::::::::::::::::::::::::::::::::#
#::::::::::::::::::::::::::::::::::#
#::::::::::::::::::::::::::::::::::#
#::::::::::::::::::::::::::::::::::#
#::::::::::::::::::::::::::::::::::#
#::::::::::::::::::::::::::::::::::#
#::::::::::::::::::::::::::::::::::#
#::::::::::::::::::::::::::::::::::#
#::::::::::::::::::::::::::::::::::#
#::::::::::::::::::::::::::::::::::#
#::::::::::::::::::::::::::::::::::#
#::::::::::::::::::::::::::::::::::#
#::::::::::::::::::::::::::::::::::#
#::::::::::::::::::::::::::::::::::#
#::::::::::::::::::::::::::::::::::#
####################################
##########################
#::::::::::::::::::::::::#
#::::::::::::::::::::::::#
#::::::::::::::::::::::::#
#::::::::::::::::::::::::#
#::::::::::::::::::::::::#
#::::::::::::::::::::::::#
#::::::::::::::::::::::::#
#::::::::::::::::::::::::#
#::::::::::::::::::::::::#
#::::::::::::::::::::::::#
#::::::::::::::::::::::::#
#::::::::::::::::::::::::#
#::::::::::::::::::::::::#
#::::::::::::::::::::::::#
#::::::::::::::::::::::::#
#::::::::::::::::::::::::#
#::::::::::::::::::::::::#
#::::::::::::::::::::::::#
#::::::::::::::::::::::::#
#::::::::::::::::::::::::#
#::::::::::::::::::::::::#
#::::::::::::::::::::::::#
#::::::::::::::::::::::::#
#::::::::::::::::::::::::#
#::::::::::::::::::::::::#
#::::::::::::::::::::::::#
#::::::::::::::::::::::::#
#::::::::::::::::::::::::#
#::::::::::::::::::::::::#
#::::::::::::::::::::::::#
#::::::::::::::::::::::::#
#::::::::::::::::::::::::#
#::::::::::::::::::::::::#
#::::::::::::::::::::::::#
#::::::::::::::::::::::::#
##########################
#############################
#:::::::::::::::::::::::::::#
#:::::::::::::::::::::::::::#
#:::::::::::::::::::::::::::#
#:::::::::::::::::::::::::::#
#:::::::::::::::::::::::::::#
#:::::::::::::::::::::::::::#
#:::::::::::::::::::::::::::#
#:::::::::::::::::::::::::::#
#:::::::::::::::::::::::::::#
#:::::::::::::::::::::::::::#
#:::::::::::::::::::::::::::#
#:::::::::::::::::::::::::::#
#:::::::::::::::::::::::::::#
#:::::::::::::::::::::::::::#
#:::::::::::::::::::::::::::#
#:::::::::::::::::::::::::::#
#:::::::::::::::::::::::::::#
#:::::::::::::::::::::::::::#
#:::::::::::::::::::::::::::#
#:::::::::::::::::::::::::::#
#:::::::::::::::::::::::::::#
#:::::::::::::::::::::::::::#
#:::::::::::::::::::::::::::#
#:::::::::::::::::::::::::::#
#:::::::::::::::::::::::::::#
#:::::::::::::::::::::::::::#
#:::::::::::::::::::::::::::#
#############################
###########################
#:::::::::::::::::::::::::#
#:::::::::::::::::::::::::#
#:::::::::::::::::::::::::#
#:::::::::::::::::::::::::#
#:::::::::::::::::::::::::#
#:::::::::::::::::::::::::#
#:::::::::::::::::::::::::#
#:::::::::::::::::::::::::#
###########################
###################
#:::::::::::::::::#
#:::::::::::::::::#
#:::::::::::::::::#
#:::::::::::::::::#
#:::::::::::::::::#
#:::::::::::::::::#
#:::::::::::::::::#
#:::::::::::::::::#
#:::::::::::::::::#
#:::::::::::::::::#
#:::::::::::::::::#
#:::::::::::::::::#
#:::::::::::::::::#
#:::::::::::::::::#
#:::::::::::::::::#
#:::::::::::::::::#
#:::::::::::::::::#
#:::::::::::::::::#
#:::::::::::::::::#
#:::::::::::::::::#
#:::::::::::::::::#
#:::::::::::::::::#
#:::::::::::::::::#
###################
###########################
#:::::::::::::::::::::::::#
#:::::::::::::::::::::::::#
#:::::::::::::::::::::::::#
#:::::::::::::::::::::::::#
#:::::::::::::::::::::::::#
#:::::::::::::::::::::::::#
#:::::::::::::::::::::::::#
#:::::::::::::::::::::::::#
#:::::::::::::::::::::::::#
#:::::::::::::::::::::::::#
#:::::::::::::::::::::::::#
#:::::::::::::::::::::::::#
#:::::::::::::::::::::::::#
#:::::::::::::::::::::::::#
#:::::::::::::::::::::::::#
#:::::::::::::::::::::::::#
#:::::::::::::::::::::::::#
#:::::::::::::::::::::::::#
#:::::::::::::::::::::::::#
#:::::::::::::::::::::::::#
#:::::::::::::::::::::::::#
#:::::::::::::::::::::::::#
#:::::::::::::::::::::::::#
#:::::::::::::::::::::::::#
#:::::::::::::::::::::::::#
#:::::::::::::::::::::::::#
#:::::::::::::::::::::::::#
#:::::::::::::::::::::::::#
#:::::::::::::::::::::::::#
#:::::::::::::::::::::::::#
#:::::::::::::::::::::::::#
#:::::::::::::::::::::::::#
#:::::::::::::::::::::::::#
#:::::::::::::::::::::::::#
#:::::::::::::::::::::::::#
#:::::::::::::::::::::::::#
#:::::::::::::::::::::::::#
###########################
###########################
#:::::::::::::::::::::::::#
#:::::::::::::::::::::::::#
#:::::::::::::::::::::::::#
#:::::::::::::::::::::::::#
#:::::::::::::::::::::::::#
#:::::::::::::::::::::::::#
#:::::::::::::::::::::::::#
#:::::::::::::::::::::::::#
#:::::::::::::::::::::::::#
#:::::::::::::::::::::::::#
#:::::::::::::::::::::::::#
###########################
#########
#:::::::#
#:::::::#
#:::::::#
#:::::::#
#:::::::#
#:::::::#
#:::::::#
#:::::::#
#:::::::#
#:::::::#
#:::::::#
#:::::::#
#:::::::#
#:::::::#
#:::::::#
#:::::::#
#:::::::#
#:::::::#
#:::::::#
#:::::::#
#:::::::#
#:::::::#
#:::::::#
#:::::::#
#:::::::#
#:::::::#
#:::::::#
#:::::::#
#:::::::#
#:::::::#
#:::::::#
#:::::::#
#:::::::#
#########
########
#::::::#
#::::::#
#::::::#
#::::::#
#::::::#
#::::::#
#::::::#
#::::::#
#::::::#
#::::::#
#::::::#
#::::::#
#::::::#
#::::::#
#::::::#
#::::::#
#::::::#
#::::::#
#::::::#
#::::::#
#::::::#
########
#####################
#:::::::::::::::::::#
#:::::::::::::::::::#
#:::::::::::::::::::#
#:::::::::::::::::::#
#:::::::::::::::::::#
#:::::::::::::::::::#
#:::::::::::::::::::#
#:::::::::::::::::::#
#:::::::::::::::::::#
#:::::::::::::::::::#
#:::::::::::::::::::#
#:::::::::::::::::::#
#:::::::::::::::::::#
#:::::::::::::::::::#
#:::::::::::::::::::#
#:::::::::::::::::::#
#:::::::::::::::::::#
#:::::::::::::::::::#
#:::::::::::::::::::#
#:::::::::::::::::::#
#:::::::::::::::::::#
#:::::::::::::::::::#
#:::::::::::::::::::#
#:::::::::::::::::::#
#:::::::::::::::::::#
#####################
##################################
#::::::::::::::::::::::::::::::::#
#::::::::::::::::::::::::::::::::#
#::::::::::::::::::::::::::::::::#
#::::::::::::::::::::::::::::::::#
#::::::::::::::::::::::::::::::::#
#::::::::::::::::::::::::::::::::#
#::::::::::::::::::::::::::::::::#
#::::::::::::::::::::::::::::::::#
#::::::::::::::::::::::::::::::::#
#::::::::::::::::::::::::::::::::#
#::::::::::::::::::::::::::::::::#
#::::::::::::::::::::::::::::::::#
#::::::::::::::::::::::::::::::::#
#::::::::::::::::::::::::::::::::#
#::::::::::::::::::::::::::::::::#
#::::::::::::::::::::::::::::::::#
#::::::::::::::::::::::::::::::::#
#::::::::::::::::::::::::::::::::#
#::::::::::::::::::::::::::::::::#
#::::::::::::::::::::::::::::::::#
#::::::::::::::::::::::::::::::::#
##################################
################################
#::::::::::::::::::::::::::::::#
#::::::::::::::::::::::::::::::#
#::::::::::::::::::::::::::::::#
#::::::::::::::::::::::::::::::#
#::::::::::::::::::::::::::::::#
#::::::::::::::::::::::::::::::#
#::::::::::::::::::::::::::::::#
#::::::::::::::::::::::::::::::#
#::::::::::::::::::::::::::::::#
#::::::::::::::::::::::::::::::#
#::::::::::::::::::::::::::::::#
#::::::::::::::::::::::::::::::#
#::::::::::::::::::::::::::::::#
#::::::::::::::::::::::::::::::#
#::::::::::::::::::::::::::::::#
#::::::::::::::::::::::::::::::#
#::::::::::::::::::::::::::::::#
#::::::::::::::::::::::::::::::#
#::::::::::::::::::::::::::::::#
#::::::::::::::::::::::::::::::#
#::::::::::::::::::::::::::::::#
#::::::::::::::::::::::::::::::#
#::::::::::::::::::::::::::::::#
#::::::::::::::::::::::::::::::#
#::::::::::::::::::::::::::::::#
#::::::::::::::::::::::::::::::#
#::::::::::::::::::::::::::::::#
#::::::::::::::::::::::::::::::#
#::::::::::::::::::::::::::::::#
#::::::::::::::::::::::::::::::#
#::::::::::::::::::::::::::::::#
#::::::::::::::::::::::::::::::#
#::::::::::::::::::::::::::::::#
#::::::::::::::::::::::::::::::#
#::::::::::::::::::::::::::::::#
#::::::::::::::::::::::::::::::#
#::::::::::::::::::::::::::::::#
################################
########
#::::::#
#::::::#
#::::::#
#::::::#
#::::::#
#::::::#
#::::::#
#::::::#
########
######################
#::::::::::::::::::::#
#::::::::::::::::::::#
#::::::::::::::::::::#
#::::::::::::::::::::#
#::::::::::::::::::::#
#::::::::::::::::::::#
#::::::::::::::::::::#
#::::::::::::::::::::#
#::::::::::::::::::::#
#::::::::::::::::::::#
#::::::::::::::::::::#
#::::::::::::::::::::#
#::::::::::::::::::::#
#::::::::::::::::::::#
#::::::::::::::::::::#
#::::::::::::::::::::#
#::::::::::::::::::::#
#::::::::::::::::::::#
#::::::::::::::::::::#
#::::::::::::::::::::#
#::::::::::::::::::::#
#::::::::::::::::::::#
#::::::::::::::::::::#
#::::::::::::::::::::#
#::::::::::::::::::::#
#::::::::::::::::::::#
#::::::::::::::::::::#
#::::::::::::::::::::#
#::::::::::::::::::::#
#::::::::::::::::::::#
#::::::::::::::::::::#
#::::::::::::::::::::#
#::::::::::::::::::::#
#::::::::::::::::::::#
#::::::::::::::::::::#
#::::::::::::::::::::#
#::::::::::::::::::::#
#::::::::::::::::::::#
######################
########################################
#::::::::::::::::::::::::::::::::::::::#
#::::::::::::::::::::::::::::::::::::::#
#::::::::::::::::::::::::::::::::::::::#
#::::::::::::::::::::::::::::::::::::::#
#::::::::::::::::::::::::::::::::::::::#
#::::::::::::::::::::::::::::::::::::::#
#::::::::::::::::::::::::::::::::::::::#
#::::::::::::::::::::::::::::::::::::::#
#::::::::::::::::::::::::::::::::::::::#
#::::::::::::::::::::::::::::::::::::::#
#::::::::::::::::::::::::::::::::::::::#
#::::::::::::::::::::::::::::::::::::::#
#::::::::::::::::::::::::::::::::::::::#
#::::::::::::::::::::::::::::::::::::::#
#::::::::::::::::::::::::::::::::::::::#
########################################
##############
#::::::::::::#
#::::::::::::#
#::::::::::::#
#::::::::::::#
#::::::::::::#
#::::::::::::#
#::::::::::::#
#::::::::::::#
#::::::::::::#
#::::::::::::#
#::::::::::::#
#::::::::::::#
#::::::::::::#
#::::::::::::#
#::::::::::::#
#::::::::::::#
#::::::::::::#
#::::::::::::#
#::::::::::::#
#::::::::::::#
#::::::::::::#
#::::::::::::#
#::::::::::::#
##############
#################################
#:::::::::::::::::::::::::::::::#
#:::::::::::::::::::::::::::::::#
#:::::::::::::::::::::::::::::::#
#:::::::::::::::::::::::::::::::#
#:::::::::::::::::::::::::::::::#
#:::::::::::::::::::::::::::::::#
#:::::::::::::::::::::::::::::::#
#:::::::::::::::::::::::::::::::#
#################################
#################################
#:::::::::::::::::::::::::::::::#
#:::::::::::::::::::::::::::::::#
#:::::::::::::::::::::::::::::::#
#:::::::::::::::::::::::::::::::#
#:::::::::::::::::::::::::::::::#
#:::::::::::::::::::::::::::::::#
#:::::::::::::::::::::::::::::::#
#:::::::::::::::::::::::::::::::#
#:::::::::::::::::::::::::::::::#
#:::::::::::::::::::::::::::::::#
#:::::::::::::::::::::::::::::::#
#:::::::::::::::::::::::::::::::#
#:::::::::::::::::::::::::::::::#
#:::::::::::::::::::::::::::::::#
#:::::::::::::::::::::::::::::::#
#:::::::::::::::::::::::::::::::#
#:::::::::::::::::::::::::::::::#
#:::::::::::::::::::::::::::::::#
#:::::::::::::::::::::::::::::::#
#################################
##################################
#::::::::::::::::::::::::::::::::#
#::::::::::::::::::::::::::::::::#
#::::::::::::::::::::::::::::::::#
#::::::::::::::::::::::::::::::::#
#::::::::::::::::::::::::::::::::#
#::::::::::::::::::::::::::::::::#
#::::::::::::::::::::::::::::::::#
#::::::::::::::::::::::::::::::::#
#::::::::::::::::::::::::::::::::#
#::::::::::::::::::::::::::::::::#
#::::::::::::::::::::::::::::::::#
#::::::::::::::::::::::::::::::::#
#::::::::::::::::::::::::::::::::#
##################################
################
#::::::::::::::#
#::::::::::::::#
#::::::::::::::#
#::::::::::::::#
################
#############
#:::::::::::#
#:::::::::::#
#:::::::::::#
#:::::::::::#
#:::::::::::#
#:::::::::::#
#:::::::::::#
#:::::::::::#
#:::::::::::#
#:::::::::::#
#:::::::::::#
#:::::::::::#
#:::::::::::#
#:::::::::::#
#:::::::::::#
#:::::::::::#
#:::::::::::#
#:::::::::::#
#:::::::::::#
#:::::::::::#
#:::::::::::#
#:::::::::::#
#:::::::::::#
#:::::::::::#
#:::::::::::#
#:::::::::::#
#:::::::::::#
#:::::::::::#
#:::::::::::#
#:::::::::::#
#:::::::::::#
#:::::::::::#
#############
#########
#:::::::#
#:::::::#
#:::::::#
#:::::::#
#:::::::#
#:::::::#
#:::::::#
#:::::::#
#:::::::#
#:::::::#
#:::::::#
#:::::::#
#:::::::#
#:::::::#
#:::::::#
#:::::::#
#:::::::#
#:::::::#
#:::::::#
#:::::::#
#:::::::#
#:::::::#
#:::::::#
#:::::::#
#:::::::#
#:::::::#
#:::::::#
#:::::::#
#:::::::#
#:::::::#
#:::::::#
#:::::::#
#:::::::#
#:::::::#
#:::::::#
#########
############################
#::::::::::::::::::::::::::#
#::::::::::::::::::::::::::#
#::::::::::::::::::::::::::#
#::::::::::::::::::::::::::#
############################
############
#::::::::::#
#::::::::::#
#::::::::::#
#::::::::::#
#::::::::::#
#::::::::::#
#::::::::::#
#::::::::::#
#::::::::::#
#::::::::::#
#::::::::::#
#::::::::::#
#::::::::::#
#::::::::::#
#::::::::::#
#::::::::::#
#::::::::::#
#::::::::::#
#::::::::::#
#::::::::::#
#::::::::::#
#::::::::::#
#::::::::::#
#::::::::::#
#::::::::::#
#::::::::::#
#::::::::::#
#::::::::::#
#::::::::::#
#::::::::::#
#::::::::::#
#::::::::::#
#::::::::::#
#::::::::::#
#::::::::::#
############
#######
#:::::#
#:::::#
#:::::#
#:::::#
#:::::#
#:::::#
#:::::#
#:::::#
#:::::#
#:::::#
#:::::#
#:::::#
#:::::#
#:::::#
#:::::#
#:::::#
#:::::#
#:::::#
#:::::#
#:::::#
#:::::#
#:::::#
#:::::#
#:::::#
#######
#########################################
#:::::::::::::::::::::::::::::::::::::::#
#:::::::::::::::::::::::::::::::::::::::#
#:::::::::::::::::::::::::::::::::::::::#
#########################################
##############################
#::::::::::::::::::::::::::::#
#::::::::::::::::::::::::::::#
#::::::::::::::::::::::::::::#
#::::::::::::::::::::::::::::#
#::::::::::::::::::::::::::::#
#::::::::::::::::::::::::::::#
#::::::::::::::::::::::::::::#
#::::::::::::::::::::::::::::#
#::::::::::::::::::::::::::::#
#::::::::::::::::::::::::::::#
#::::::::::::::::::::::::::::#
#::::::::::::::::::::::::::::#
#::::::::::::::::::::::::::::#
#::::::::::::::::::::::::::::#
#::::::::::::::::::::::::::::#
#::::::::::::::::::::::::::::#
#::::::::::::::::::::::::::::#
#::::::::::::::::::::::::::::#
#::::::::::::::::::::::::::::#
#::::::::::::::::::::::::::::#
#::::::::::::::::::::::::::::#
#::::::::::::::::::::::::::::#
#::::::::::::::::::::::::::::#
#::::::::::::::::::::::::::::#
#::::::::::::::::::::::::::::#
#::::::::::::::::::::::::::::#
#::::::::::::::::::::::::::::#
#::::::::::::::::::::::::::::#
#::::::::::::::::::::::::::::#
#::::::::::::::::::::::::::::#
#::::::::::::::::::::::::::::#
#::::::::::::::::::::::::::::#
#::::::::::::::::::::::::::::#
#::::::::::::::::::::::::::::#
#::::::::::::::::::::::::::::#
##############################
######
#::::#
#::::#
#::::#
#::::#
#::::#
#::::#
#::::#
#::::#
#::::#
#::::#
#::::#
#::::#
#::::#
#::::#
#::::#
#::::#
#::::#
#::::#
#::::#
#::::#
#::::#
#::::#
#::::#
#::::#
#::::#
#::::#
#::::#
#::::#
#::::#
#::::#
#::::#
#::::#
######
######################################
#::::::::::::::::::::::::::::::::::::#
#::::::::::::::::::::::::::::::::::::#
#::::::::::::::::::::::::::::::::::::#
#::::::::::::::::::::::::::::::::::::#
#::::::::::::::::::::::::::::::::::::#
#::::::::::::::::::::::::::::::::::::#
#::::::::::::::::::::::::::::::::::::#
#::::::::::::::::::::::::::::::::::::#
#::::::::::::::::::::::::::::::::::::#
#::::::::::::::::::::::::::::::::::::#
#::::::::::::::::::::::::::::::::::::#
#::::::::::::::::::::::::::::::::::::#
#::::::::::::::::::::::::::::::::::::#
#::::::::::::::::::::::::::::::::::::#
######################################
###################################
#:::::::::::::::::::::::::::::::::#
#:::::::::::::::::::::::::::::::::#
#:::::::::::::::::::::::::::::::::#
#:::::::::::::::::::::::::::::::::#
#:::::::::::::::::::::::::::::::::#
#:::::::::::::::::::::::::::::::::#
#:::::::::::::::::::::::::::::::::#
#:::::::::::::::::::::::::::::::::#
#:::::::::::::::::::::::::::::::::#
#:::::::::::::::::::::::::::::::::#
#:::::::::::::::::::::::::::::::::#
#:::::::::::::::::::::::::::::::::#
#:::::::::::::::::::::::::::::::::#
#:::::::::::::::::::::::::::::::::#
#:::::::::::::::::::::::::::::::::#
#:::::::::::::::::::::::::::::::::#
#:::::::::::::::::::::::::::::::::#
#:::::::::::::::::::::::::::::::::#
#:::::::::::::::::::::::::::::::::#
###################################
########################################
#::::::::::::::::::::::::::::::::::::::#
#::::::::::::::::::::::::::::::::::::::#
#::::::::::::::::::::::::::::::::::::::#
#::::::::::::::::::::::::::::::::::::::#
#::::::::::::::::::::::::::::::::::::::#
#::::::::::::::::::::::::::::::::::::::#
#::::::::::::::::::::::::::::::::::::::#
#::::::::::::::::::::::::::::::::::::::#
#::::::::::::::::::::::::::::::::::::::#
#::::::::::::::::::::::::::::::::::::::#
#::::::::::::::::::::::::::::::::::::::#
########################################
####################################
#::::::::::::::::::::::::::::::::::#
#::::::::::::::::::::::::::::::::::#
#::::::::::::::::::::::::::::::::::#
#::::::::::::::::::::::::::::::::::#
####################################
###############################
#:::::::::::::::::::::::::::::#
#:::::::::::::::::::::::::::::#
#:::::::::::::::::::::::::::::#
#:::::::::::::::::::::::::::::#
#:::::::::::::::::::::::::::::#
#:::::::::::::::::::::::::::::#
#:::::::::::::::::::::::::::::#
#:::::::::::::::::::::::::::::#
#:::::::::::::::::::::::::::::#
#:::::::::::::::::::::::::::::#
#:::::::::::::::::::::::::::::#
#:::::::::::::::::::::::::::::#
#:::::::::::::::::::::::::::::#
#:::::::::::::::::::::::::::::#
#:::::::::::::::::::::::::::::#
#:::::::::::::::::::::::::::::#
#:::::::::::::::::::::::::::::#
#:::::::::::::::::::::::::::::#
#:::::::::::::::::::::::::::::#
#:::::::::::::::::::::::::::::#
###############################
#####################################
#:::::::::::::::::::::::::::::::::::#
#:::::::::::::::::::::::::::::::::::#
#:::::::::::::::::::::::::::::::::::#
#:::::::::::::::::::::::::::::::::::#
#:::::::::::::::::::::::::::::::::::#
#:::::::::::::::::::::::::::::::::::#
#:::::::::::::::::::::::::::::::::::#
#:::::::::::::::::::::::::::::::::::#
#:::::::::::::::::::::::::::::::::::#
#:::::::::::::::::::::::::::::::::::#
#:::::::::::::::::::::::::::::::::::#
#:::::::::::::::::::::::::::::::::::#
#:::::::::::::::::::::::::::::::::::#
#:::::::::::::::::::::::::::::::::::#
#:::::::::::::::::::::::::::::::::::#
#:::::::::::::::::::::::::::::::::::#
#:::::::::::::::::::::::::::::::::::#
#:::::::::::::::::::::::::::::::::::#
#:::::::::::::::::::::::::::::::::::#
#:::::::::::::::::::::::::::::::::::#
#:::::::::::::::::::::::::::::::::::#
#:::::::::::::::::::::::::::::::::::#
#:::::::::::::::::::::::::::::::::::#
#:::::::::::::::::::::::::::::::::::#
#:::::::::::::::::::::::::::::::::::#
#:::::::::::::::::::::::::::::::::::#
#:::::::::::::::::::::::::::::::::::#
#:::::::::::::::::::::::::::::::::::#
#:::::::::::::::::::::::::::::::::::#
#:::::::::::::::::::::::::::::::::::#
#:::::::::::::::::::::::::::::::::::#
#:::::::::::::::::::::::::::::::::::#
#:::::::::::::::::::::::::::::::::::#
#####################################
##############
#::::::::::::#
#::::::::::::#
#::::::::::::#
#::::::::::::#
#::::::::::::#
#::::::::::::#
#::::::::::::#
#::::::::::::#
#::::::::::::#
#::::::::::::#
#::::::::::::#
#::::::::::::#
#::::::::::::#
#::::::::::::#
#::::::::::::#
#::::::::::::#
#::::::::::::#
#::::::::::::#
#::::::::::::#
#::::::::::::#
#::::::::::::#
#::::::::::::#
#::::::::::::#
#::::::::::::#
#::::::::::::#
#::::::::::::#
#::::::::::::#
#::::::::::::#
#::::::::::::#
#::::::::::::#
#::::::::::::#
#::::::::::::#
#::::::::::::#
#::::::::::::#
#::::::::::::#
##############
####################################
#::::::::::::::::::::::::::::::::::#
#::::::::::::::::::::::::::::::::::#
#::::::::::::::::::::::::::::::::::#
#::::::::::::::::::::::::::::::::::#
#::::::::::::::::::::::::::::::::::#
#::::::::::::::::::::::::::::::::::#
#::::::::::::::::::::::::::::::::::#
#::::::::::::::::::::::::::::::::::#
#::::::::::::::::::::::::::::::::::#
#::::::::::::::::::::::::::::::::::#
#::::::::::::::::::::::::::::::::::#
#::::::::::::::::::::::::::::::::::#
#::::::::::::::::::::::::::::::::::#
#::::::::::::::::::::::::::::::::::#
#::::::::::::::::::::::::::::::::::#
#::::::::::::::::::::::::::::::::::#
#::::::::::::::::::::::::::::::::::#
#::::::::::::::::::::::::::::::::::#
#::::::::::::::::::::::::::::::::::#
#::::::::::::::::::::::::::::::::::#
#::::::::::::::::::::::::::::::::::#
#::::::::::::::::::::::::::::::::::#
#::::::::::::::::::::::::::::::::::#
####################################
####################
#::::::::::::::::::#
#::::::::::::::::::#
#::::::::::::::::::#
#::::::::::::::::::#
#::::::::::::::::::#
#::::::::::::::::::#
#::::::::::::::::::#
#::::::::::::::::::#
#::::::::::::::::::#
#::::::::::::::::::#
#::::::::::::::::::#
#::::::::::::::::::#
#::::::::::::::::::#
#::::::::::::::::::#
#::::::::::::::::::#
#::::::::::::::::::#
#::::::::::::::::::#
#::::::::::::::::::#
#::::::::::::::::::#
#::::::::::::::::::#
#::::::::::::::::::#
#::::::::::::::::::#
####################
######################################
#::::::::::::::::::::::::::::::::::::#
#::::::::::::::::::::::::::::::::::::#
#::::::::::::::::::::::::::::::::::::#
#::::::::::::::::::::::::::::::::::::#
#::::::::::::::::::::::::::::::::::::#
#::::::::::::::::::::::::::::::::::::#
#::::::::::::::::::::::::::::::::::::#
#::::::::::::::::::::::::::::::::::::#
#::::::::::::::::::::::::::::::::::::#
#::::::::::::::::::::::::::::::::::::#
#::::::::::::::::::::::::::::::::::::#
#::::::::::::::::::::::::::::::::::::#
#::::::::::::::::::::::::::::::::::::#
#::::::::::::::::::::::::::::::::::::#
#::::::::::::::::::::::::::::::::::::#
#::::::::::::::::::::::::::::::::::::#
#::::::::::::::::::::::::::::::::::::#
#::::::::::::::::::::::::::::::::::::#
#::::::::::::::::::::::::::::::::::::#
#::::::::::::::::::::::::::::::::::::#
#::::::::::::::::::::::::::::::::::::#
#::::::::::::::::::::::::::::::::::::#
#::::::::::::::::::::::::::::::::::::#
#::::::::::::::::::::::::::::::::::::#
#::::::::::::::::::::::::::::::::::::#
#::::::::::::::::::::::::::::::::::::#
#::::::::::::::::::::::::::::::::::::#
#::::::::::::::::::::::::::::::::::::#
#::::::::::::::::::::::::::::::::::::#
#::::::::::::::::::::::::::::::::::::#
#::::::::::::::::::::::::::::::::::::#
#::::::::::::::::::::::::::::::::::::#
#::::::::::::::::::::::::::::::::::::#
#::::::::::::::::::::::::::::::::::::#
#::::::::::::::::::::::::::::::::::::#
#::::::::::::::::::::::::::::::::::::#
#::::::::::::::::::::::::::::::::::::#
######################################
######
#::::#
#::::#
#::::#
#::::#
#::::#
#::::#
#::::#
#::::#
#::::#
#::::#
#::::#
#::::#
#::::#
#::::#
#::::#
#::::#
#::::#
#::::#
#::::#
#::::#
#::::#
#::::#
#::::#
#::::#
#::::#
#::::#
#::::#
#::::#
#::::#
######
##################################
#::::::::::::::::::::::::::::::::#
#::::::::::::::::::::::::::::::::#
#::::::::::::::::::::::::::::::::#
#::::::::::::::::::::::::::::::::#
#::::::::::::::::::::::::::::::::#
#::::::::::::::::::::::::::::::::#
#::::::::::::::::::::::::::::::::#
#::::::::::::::::::::::::::::::::#
#::::::::::::::::::::::::::::::::#
##################################
##############
#::::::::::::#
#::::::::::::#
#::::::::::::#
#::::::::::::#
#::::::::::::#
#::::::::::::#
#::::::::::::#
#::::::::::::#
#::::::::::::#
#::::::::::::#
#::::::::::::#
#::::::::::::#
#::::::::::::#
#::::::::::::#
#::::::::::::#
#::::::::::::#
#::::::::::::#
#::::::::::::#
##############
######################################
#::::::::::::::::::::::::::::::::::::#
#::::::::::::::::::::::::::::::::::::#
#::::::::::::::::::::::::::::::::::::#
#::::::::::::::::::::::::::::::::::::#
#::::::::::::::::::::::::::::::::::::#
#::::::::::::::::::::::::::::::::::::#
#::::::::::::::::::::::::::::::::::::#
#::::::::::::::::::::::::::::::::::::#
#::::::::::::::::::::::::::::::::::::#
#::::::::::::::::::::::::::::::::::::#
#::::::::::::::::::::::::::::::::::::#
######################################
#########################
#:::::::::::::::::::::::#
#:::::::::::::::::::::::#
#:::::::::::::::::::::::#
#########################
#####
#:::#
#:::#
#:::#
#:::#
#:::#
#:::#
#:::#
#:::#
#:::#
#:::#
#:::#
#:::#
#:::#
#:::#
#:::#
#:::#
#:::#
#####
#########################################
#:::::::::::::::::::::::::::::::::::::::#
#:::::::::::::::::::::::::::::::::::::::#
#:::::::::::::::::::::::::::::::::::::::#
#:::::::::::::::::::::::::::::::::::::::#
#:::::::::::::::::::::::::::::::::::::::#
#:::::::::::::::::::::::::::::::::::::::#
#:::::::::::::::::::::::::::::::::::::::#
#:::::::::::::::::::::::::::::::::::::::#
#:::::::::::::::::::::::::::::::::::::::#
#:::::::::::::::::::::::::::::::::::::::#
#:::::::::::::::::::::::::::::::::::::::#
#:::::::::::::::::::::::::::::::::::::::#
#:::::::::::::::::::::::::::::::::::::::#
#:::::::::::::::::::::::::::::::::::::::#
#:::::::::::::::::::::::::::::::::::::::#
#:::::::::::::::::::::::::::::::::::::::#
#:::::::::::::::::::::::::::::::::::::::#
#:::::::::::::::::::::::::::::::::::::::#
#:::::::::::::::::::::::::::::::::::::::#
#:::::::::::::::::::::::::::::::::::::::#
#:::::::::::::::::::::::::::::::::::::::#
#:::::::::::::::::::::::::::::::::::::::#
#:::::::::::::::::::::::::::::::::::::::#
#:::::::::::::::::::::::::::::::::::::::#
#:::::::::::::::::::::::::::::::::::::::#
#:::::::::::::::::::::::::::::::::::::::#
#:::::::::::::::::::::::::::::::::::::::#
#:::::::::::::::::::::::::::::::::::::::#
#:::::::::::::::::::::::::::::::::::::::#
#:::::::::::::::::::::::::::::::::::::::#
#:::::::::::::::::::::::::::::::::::::::#
#:::::::::::::::::::::::::::::::::::::::#
#:::::::::::::::::::::::::::::::::::::::#
#:::::::::::::::::::::::::::::::::::::::#
#:::::::::::::::::::::::::::::::::::::::#
#########################################
######
#::::#
#::::#
#::::#
#::::#
#::::#
#::::#
#::::#
#::::#
#::::#
#::::#
#::::#
#::::#
#::::#
#::::#
#::::#
#::::#
######
######################
#::::::::::::::::::::#
#::::::::::::::::::::#
#::::::::::::::::::::#
#::::::::::::::::::::#
#::::::::::::::::::::#
#::::::::::::::::::::#
#::::::::::::::::::::#
#::::::::::::::::::::#
#::::::::::::::::::::#
#::::::::::::::::::::#
#::::::::::::::::::::#
#::::::::::::::::::::#
#::::::::::::::::::::#
#::::::::::::::::::::#
#::::::::::::::::::::#
#::::::::::::::::::::#
#::::::::::::::::::::#
#::::::::::::::::::::#
#::::::::::::::::::::#
#::::::::::::::::::::#
#::::::::::::::::::::#
#::::::::::::::::::::#
#::::::::::::::::::::#
#::::::::::::::::::::#
#::::::::::::::::::::#
#::::::::::::::::::::#
#::::::::::::::::::::#
#::::::::::::::::::::#
#::::::::::::::::::::#
#::::::::::::::::::::#
#::::::::::::::::::::#
#::::::::::::::::::::#
#::::::::::::::::::::#
#::::::::::::::::::::#
#::::::::::::::::::::#
#::::::::::::::::::::#
#::::::::::::::::::::#
#::::::::::::::::::::#
######################
#####################
#:::::::::::::::::::#
#:::::::::::::::::::#
#:::::::::::::::::::#
#:::::::::::::::::::#
#:::::::::::::::::::#
#:::::::::::::::::::#
#:::::::::::::::::::#
#:::::::::::::::::::#
#:::::::::::::::::::#
#:::::::::::::::::::#
#:::::::::::::::::::#
#:::::::::::::::::::#
#:::::::::::::::::::#
#:::::::::::::::::::#
#:::::::::::::::::::#
#:::::::::::::::::::#
#:::::::::::::::::::#
#:::::::::::::::::::#
#:::::::::::::::::::#
#:::::::::::::::::::#
#:::::::::::::::::::#
#:::::::::::::::::::#
#:::::::::::::::::::#
#:::::::::::::::::::#
#:::::::::::::::::::#
#:::::::::::::::::::#
#####################
################################
#::::::::::::::::::::::::::::::#
#::::::::::::::::::::::::::::::#
#::::::::::::::::::::::::::::::#
#::::::::::::::::::::::::::::::#
#::::::::::::::::::::::::::::::#
#::::::::::::::::::::::::::::::#
#::::::::::::::::::::::::::::::#
#::::::::::::::::::::::::::::::#
#::::::::::::::::::::::::::::::#
#::::::::::::::::::::::::::::::#
#::::::::::::::::::::::::::::::#
################################
######################################
#::::::::::::::::::::::::::::::::::::#
#::::::::::::::::::::::::::::::::::::#
#::::::::::::::::::::::::::::::::::::#
#::::::::::::::::::::::::::::::::::::#
#::::::::::::::::::::::::::::::::::::#
#::::::::::::::::::::::::::::::::::::#
#::::::::::::::::::::::::::::::::::::#
#::::::::::::::::::::::::::::::::::::#
#::::::::::::::::::::::::::::::::::::#
#::::::::::::::::::::::::::::::::::::#
#::::::::::::::::::::::::::::::::::::#
#::::::::::::::::::::::::::::::::::::#
#::::::::::::::::::::::::::::::::::::#
#::::::::::::::::::::::::::::::::::::#
#::::::::::::::::::::::::::::::::::::#
#::::::::::::::::::::::::::::::::::::#
#::::::::::::::::::::::::::::::::::::#
#::::::::::::::::::::::::::::::::::::#
#::::::::::::::::::::::::::::::::::::#
#::::::::::::::::::::::::::::::::::::#
#::::::::::::::::::::::::::::::::::::#
#::::::::::::::::::::::::::::::::::::#
#::::::::::::::::::::::::::::::::::::#
#::::::::::::::::::::::::::::::::::::#
#::::::::::::::::::::::::::::::::::::#
#::::::::::::::::::::::::::::::::::::#
#::::::::::::::::::::::::::::::::::::#
#::::::::::::::::::::::::::::::::::::#
#::::::::::::::::::::::::::::::::::::#
#::::::::::::::::::::::::::::::::::::#
#::::::::::::::::::::::::::::::::::::#
#::::::::::::::::::::::::::::::::::::#
#::::::::::::::::::::::::::::::::::::#
#::::::::::::::::::::::::::::::::::::#
#::::::::::::::::::::::::::::::::::::#
#::::::::::::::::::::::::::::::::::::#
#::::::::::::::::::::::::::::::::::::#
######################################
############################
#::::::::::::::::::::::::::#
#::::::::::::::::::::::::::#
#::::::::::::::::::::::::::#
#::::::::::::::::::::::::::#
#::::::::::::::::::::::::::#
#::::::::::::::::::::::::::#
#::::::::::::::::::::::::::#
#::::::::::::::::::::::::::#
#::::::::::::::::::::::::::#
#::::::::::::::::::::::::::#
#::::::::::::::::::::::::::#
#::::::::::::::::::::::::::#
#::::::::::::::::::::::::::#
#::::::::::::::::::::::::::#
#::::::::::::::::::::::::::#
#::::::::::::::::::::::::::#
#::::::::::::::::::::::::::#
#::::::::::::::::::::::::::#
#::::::::::::::::::::::::::#
#::::::::::::::::::::::::::#
#::::::::::::::::::::::::::#
#::::::::::::::::::::::::::#
#::::::::::::::::::::::::::#
#::::::::::::::::::::::::::#
#::::::::::::::::::::::::::#
#::::::::::::::::::::::::::#
#::::::::::::::::::::::::::#
#::::::::::::::::::::::::::#
#::::::::::::::::::::::::::#
#::::::::::::::::::::::::::#
#::::::::::::::::::::::::::#
#::::::::::::::::::::::::::#
#::::::::::::::::::::::::::#
#::::::::::::::::::::::::::#
#::::::::::::::::::::::::::#
#::::::::::::::::::::::::::#
############################
#####################################
#:::::::::::::::::::::::::::::::::::#
#:::::::::::::::::::::::::::::::::::#
#:::::::::::::::::::::::::::::::::::#
#:::::::::::::::::::::::::::::::::::#
#:::::::::::::::::::::::::::::::::::#
#:::::::::::::::::::::::::::::::::::#
#:::::::::::::::::::::::::::::::::::#
#:::::::::::::::::::::::::::::::::::#
#:::::::::::::::::::::::::::::::::::#
#:::::::::::::::::::::::::::::::::::#
#:::::::::::::::::::::::::::::::::::#
#:::::::::::::::::::::::::::::::::::#
#:::::::::::::::::::::::::::::::::::#
#:::::::::::::::::::::::::::::::::::#
#:::::::::::::::::::::::::::::::::::#
#:::::::::::::::::::::::::::::::::::#
#####################################
######################
#::::::::::::::::::::#
#::::::::::::::::::::#
#::::::::::::::::::::#
#::::::::::::::::::::#
#::::::::::::::::::::#
#::::::::::::::::::::#
#::::::::::::::::::::#
#::::::::::::::::::::#
#::::::::::::::::::::#
#::::::::::::::::::::#
#::::::::::::::::::::#
#::::::::::::::::::::#
######################
#####
#:::#
#:::#
#:::#
#:::#
#:::#
#:::#
#:::#
#:::#
#:::#
#:::#
#:::#
#:::#
#:::#
#:::#
#:::#
#:::#
#:::#
#:::#
#:::#
#:::#
#:::#
#:::#
#:::#
#####
#######
#:::::#
#:::::#
#:::::#
#:::::#
#:::::#
#:::::#
#:::::#
#:::::#
#:::::#
#:::::#
#:::::#
#:::::#
#:::::#
#:::::#
#:::::#
#:::::#
#:::::#
#:::::#
#:::::#
#:::::#
#:::::#
#:::::#
#:::::#
#:::::#
#:::::#
#:::::#
#:::::#
#:::::#
#:::::#
#:::::#
#:::::#
#:::::#
#:::::#
#:::::#
#:::::#
#:::::#
#:::::#
#:::::#
#:::::#
#######
################################
#::::::::::::::::::::::::::::::#
#::::::::::::::::::::::::::::::#
#::::::::::::::::::::::::::::::#
#::::::::::::::::::::::::::::::#
#::::::::::::::::::::::::::::::#
#::::::::::::::::::::::::::::::#
#::::::::::::::::::::::::::::::#
#::::::::::::::::::::::::::::::#
#::::::::::::::::::::::::::::::#
#::::::::::::::::::::::::::::::#
#::::::::::::::::::::::::::::::#
#::::::::::::::::::::::::::::::#
#::::::::::::::::::::::::::::::#
#::::::::::::::::::::::::::::::#
#::::::::::::::::::::::::::::::#
#::::::::::::::::::::::::::::::#
#::::::::::::::::::::::::::::::#
#::::::::::::::::::::::::::::::#
#::::::::::::::::::::::::::::::#
#::::::::::::::::::::::::::::::#
#::::::::::::::::::::::::::::::#
#::::::::::::::::::::::::::::::#
#::::::::::::::::::::::::::::::#
#::::::::::::::::::::::::::::::#
#::::::::::::::::::::::::::::::#
#::::::::::::::::::::::::::::::#
#::::::::::::::::::::::::::::::#
#::::::::::::::::::::::::::::::#
################################
#######
#:::::#
#:::::#
#:::::#
#:::::#
#:::::#
#:::::#
#:::::#
#:::::#
#:::::#
#:::::#
#:::::#
#:::::#
#:::::#
#:::::#
#:::::#
#:::::#
#:::::#
#:::::#
#:::::#
#:::::#
#:::::#
#:::::#
#:::::#
#:::::#
#:::::#
#:::::#
#:::::#
#:::::#
#:::::#
#:::::#
#:::::#
#:::::#
#:::::#
#:::::#
#:::::#
#:::::#
#######
######
#::::#
#::::#
#::::#
#::::#
#::::#
#::::#
#::::#
#::::#
#::::#
#::::#
#::::#
#::::#
#::::#
#::::#
#::::#
#::::#
#::::#
#::::#
#::::#
#::::#
#::::#
######
#####################################
#:::::::::::::::::::::::::::::::::::#
#:::::::::::::::::::::::::::::::::::#
#:::::::::::::::::::::::::::::::::::#
#:::::::::::::::::::::::::::::::::::#
#:::::::::::::::::::::::::::::::::::#
#:::::::::::::::::::::::::::::::::::#
#:::::::::::::::::::::::::::::::::::#
#:::::::::::::::::::::::::::::::::::#
#:::::::::::::::::::::::::::::::::::#
#:::::::::::::::::::::::::::::::::::#
#:::::::::::::::::::::::::::::::::::#
#:::::::::::::::::::::::::::::::::::#
#:::::::::::::::::::::::::::::::::::#
#####################################
############################
#::::::::::::::::::::::::::#
#::::::::::::::::::::::::::#
#::::::::::::::::::::::::::#
#::::::::::::::::::::::::::#
#::::::::::::::::::::::::::#
#::::::::::::::::::::::::::#
#::::::::::::::::::::::::::#
#::::::::::::::::::::::::::#
#::::::::::::::::::::::::::#
#::::::::::::::::::::::::::#
#::::::::::::::::::::::::::#
#::::::::::::::::::::::::::#
#::::::::::::::::::::::::::#
#::::::::::::::::::::::::::#
#::::::::::::::::::::::::::#
#::::::::::::::::::::::::::#
#::::::::::::::::::::::::::#
#::::::::::::::::::::::::::#
#::::::::::::::::::::::::::#
#::::::::::::::::::::::::::#
#::::::::::::::::::::::::::#
#::::::::::::::::::::::::::#
#::::::::::::::::::::::::::#
############################
###################################
#:::::::::::::::::::::::::::::::::#
#:::::::::::::::::::::::::::::::::#
#:::::::::::::::::::::::::::::::::#
#:::::::::::::::::::::::::::::::::#
#:::::::::::::::::::::::::::::::::#
#:::::::::::::::::::::::::::::::::#
#:::::::::::::::::::::::::::::::::#
#:::::::::::::::::::::::::::::::::#
#:::::::::::::::::::::::::::::::::#
#:::::::::::::::::::::::::::::::::#
#:::::::::::::::::::::::::::::::::#
###################################
###########################
#:::::::::::::::::::::::::#
#:::::::::::::::::::::::::#
#:::::::::::::::::::::::::#
#:::::::::::::::::::::::::#
#:::::::::::::::::::::::::#
#:::::::::::::::::::::::::#
#:::::::::::::::::::::::::#
#:::::::::::::::::::::::::#
#:::::::::::::::::::::::::#
#:::::::::::::::::::::::::#
#:::::::::::::::::::::::::#
#:::::::::::::::::::::::::#
#:::::::::::::::::::::::::#
#:::::::::::::::::::::::::#
#:::::::::::::::::::::::::#
#:::::::::::::::::::::::::#
#:::::::::::::::::::::::::#
#:::::::::::::::::::::::::#
#:::::::::::::::::::::::::#
#:::::::::::::::::::::::::#
#:::::::::::::::::::::::::#
#:::::::::::::::::::::::::#
#:::::::::::::::::::::::::#
#:::::::::::::::::::::::::#
#:::::::::::::::::::::::::#
#:::::::::::::::::::::::::#
#:::::::::::::::::::::::::#
#:::::::::::::::::::::::::#
#:::::::::::::::::::::::::#
#:::::::::::::::::::::::::#
#:::::::::::::::::::::::::#
#:::::::::::::::::::::::::#
#:::::::::::::::::::::::::#
#:::::::::::::::::::::::::#
#:::::::::::::::::::::::::#
#:::::::::::::::::::::::::#
#:::::::::::::::::::::::::#
#:::::::::::::::::::::::::#
#:::::::::::::::::::::::::#
###########################
##############
#::::::::::::#
#::::::::::::#
#::::::::::::#
#::::::::::::#
#::::::::::::#
#::::::::::::#
#::::::::::::#
#::::::::::::#
#::::::::::::#
#::::::::::::#
#::::::::::::#
#::::::::::::#
#::::::::::::#
#::::::::::::#
#::::::::::::#
#::::::::::::#
#::::::::::::#
#::::::::::::#
#::::::::::::#
#::::::::::::#
#::::::::::::#
#::::::::::::#
#::::::::::::#
#::::::::::::#
#::::::::::::#
#::::::::::::#
#::::::::::::#
#::::::::::::#
#::::::::::::#
#::::::::::::#
#::::::::::::#
##############
############################
#::::::::::::::::::::::::::#
#::::::::::::::::::::::::::#
#::::::::::::::::::::::::::#
#::::::::::::::::::::::::::#
#::::::::::::::::::::::::::#
#::::::::::::::::::::::::::#
#::::::::::::::::::::::::::#
#::::::::::::::::::::::::::#
#::::::::::::::::::::::::::#
#::::::::::::::::::::::::::#
#::::::::::::::::::::::::::#
#::::::::::::::::::::::::::#
#::::::::::::::::::::::::::#
#::::::::::::::::::::::::::#
#::::::::::::::::::::::::::#
############################
#############
#:::::::::::#
#:::::::::::#
#:::::::::::#
#############
#################################
#:::::::::::::::::::::::::::::::#
#:::::::::::::::::::::::::::::::#
#:::::::::::::::::::::::::::::::#
#:::::::::::::::::::::::::::::::#
#:::::::::::::::::::::::::::::::#
#:::::::::::::::::::::::::::::::#
#:::::::::::::::::::::::::::::::#
#:::::::::::::::::::::::::::::::#
#:::::::::::::::::::::::::::::::#
#:::::::::::::::::::::::::::::::#
#:::::::::::::::::::::::::::::::#
#:::::::::::::::::::::::::::::::#
#:::::::::::::::::::::::::::::::#
#:::::::::::::::::::::::::::::::#
#:::::::::::::::::::::::::::::::#
#:::::::::::::::::::::::::::::::#
#:::::::::::::::::::::::::::::::#
#:::::::::::::::::::::::::::::::#
#:::::::::::::::::::::::::::::::#
#:::::::::::::::::::::::::::::::#
#:::::::::::::::::::::::::::::::#
#:::::::::::::::::::::::::::::::#
#:::::::::::::::::::::::::::::::#
#:::::::::::::::::::::::::::::::#
#:::::::::::::::::::::::::::::::#
#################################
############
#::::::::::#
#::::::::::#
#::::::::::#
#::::::::::#
#::::::::::#
#::::::::::#
#::::::::::#
#::::::::::#
#::::::::::#
#::::::::::#
#::::::::::#
#::::::::::#
#::::::::::#
############
#####################
#:::::::::::::::::::#
#:::::::::::::::::::#
#:::::::::::::::::::#
#:::::::::::::::::::#
#:::::::::::::::::::#
#:::::::::::::::::::#
#:::::::::::::::::::#
#:::::::::::::::::::#
#:::::::::::::::::::#
#:::::::::::::::::::#
#:::::::::::::::::::#
#:::::::::::::::::::#
#:::::::::::::::::::#
#:::::::::::::::::::#
#:::::::::::::::::::#
#:::::::::::::::::::#
#####################
##########################
#::::::::::::::::::::::::#
#::::::::::::::::::::::::#
#::::::::::::::::::::::::#
#::::::::::::::::::::::::#
#::::::::::::::::::::::::#
#::::::::::::::::::::::::#
#::::::::::::::::::::::::#
#::::::::::::::::::::::::#
#::::::::::::::::::::::::#
#::::::::::::::::::::::::#
#::::::::::::::::::::::::#
#::::::::::::::::::::::::#
#::::::::::::::::::::::::#
#::::::::::::::::::::::::#
#::::::::::::::::::::::::#
#::::::::::::::::::::::::#
#::::::::::::::::::::::::#
#::::::::::::::::::::::::#
#::::::::::::::::::::::::#
#::::::::::::::::::::::::#
#::::::::::::::::::::::::#
#::::::::::::::::::::::::#
#::::::::::::::::::::::::#
#::::::::::::::::::::::::#
#::::::::::::::::::::::::#
#::::::::::::::::::::::::#
#::::::::::::::::::::::::#
#::::::::::::::::::::::::#
##########################
########
#::::::#
#::::::#
#::::::#
#::::::#
#::::::#
#::::::#
#::::::#
#::::::#
#::::::#
#::::::#
#::::::#
#::::::#
#::::::#
#::::::#
#::::::#
#::::::#
#::::::#
#::::::#
#::::::#
#::::::#
#::::::#
#::::::#
#::::::#
#::::::#
#::::::#
#::::::#
#::::::#
#::::::#
#::::::#
#::::::#
#::::::#
#::::::#
#::::::#
#::::::#
#::::::#
#::::::#
#::::::#
########
#########################################
#:::::::::::::::::::::::::::::::::::::::#
#:::::::::::::::::::::::::::::::::::::::#
#:::::::::::::::::::::::::::::::::::::::#
#:::::::::::::::::::::::::::::::::::::::#
#:::::::::::::::::::::::::::::::::::::::#
#:::::::::::::::::::::::::::::::::::::::#
#:::::::::::::::::::::::::::::::::::::::#
#:::::::::::::::::::::::::::::::::::::::#
#:::::::::::::::::::::::::::::::::::::::#
#:::::::::::::::::::::::::::::::::::::::#
#:::::::::::::::::::::::::::::::::::::::#
#:::::::::::::::::::::::::::::::::::::::#
#:::::::::::::::::::::::::::::::::::::::#
#:::::::::::::::::::::::::::::::::::::::#
#:::::::::::::::::::::::::::::::::::::::#
#:::::::::::::::::::::::::::::::::::::::#
#:::::::::::::::::::::::::::::::::::::::#
#:::::::::::::::::::::::::::::::::::::::#
#:::::::::::::::::::::::::::::::::::::::#
#:::::::::::::::::::::::::::::::::::::::#
#:::::::::::::::::::::::::::::::::::::::#
#:::::::::::::::::::::::::::::::::::::::#
#:::::::::::::::::::::::::::::::::::::::#
#:::::::::::::::::::::::::::::::::::::::#
#:::::::::::::::::::::::::::::::::::::::#
#:::::::::::::::::::::::::::::::::::::::#
#:::::::::::::::::::::::::::::::::::::::#
#########################################
##########
#::::::::#
#::::::::#
#::::::::#
#::::::::#
#::::::::#
#::::::::#
#::::::::#
#::::::::#
#::::::::#
#::::::::#
##########
###############################
#:::::::::::::::::::::::::::::#
#:::::::::::::::::::::::::::::#
#:::::::::::::::::::::::::::::#
#:::::::::::::::::::::::::::::#
#:::::::::::::::::::::::::::::#
#:::::::::::::::::::::::::::::#
#:::::::::::::::::::::::::::::#
#:::::::::::::::::::::::::::::#
#:::::::::::::::::::::::::::::#
#:::::::::::::::::::::::::::::#
#:::::::::::::::::::::::::::::#
#:::::::::::::::::::::::::::::#
#:::::::::::::::::::::::::::::#
#:::::::::::::::::::::::::::::#
#:::::::::::::::::::::::::::::#
#:::::::::::::::::::::::::::::#
#:::::::::::::::::::::::::::::#
#:::::::::::::::::::::::::::::#
#:::::::::::::::::::::::::::::#
#:::::::::::::::::::::::::::::#
#:::::::::::::::::::::::::::::#
#:::::::::::::::::::::::::::::#
#:::::::::::::::::::::::::::::#
#:::::::::::::::::::::::::::::#
#:::::::::::::::::::::::::::::#
#:::::::::::::::::::::::::::::#
#:::::::::::::::::::::::::::::#
#:::::::::::::::::::::::::::::#
#:::::::::::::::::::::::::::::#
#:::::::::::::::::::::::::::::#
#:::::::::::::::::::::::::::::#
#:::::::::::::::::::::::::::::#
#:::::::::::::::::::::::::::::#
#:::::::::::::::::::::::::::::#
#:::::::::::::::::::::::::::::#
#:::::::::::::::::::::::::::::#
###############################
#######################################
#:::::::::::::::::::::::::::::::::::::#
#:::::::::::::::::::::::::::::::::::::#
#:::::::::::::::::::::::::::::::::::::#
#:::::::::::::::::::::::::::::::::::::#
#:::::::::::::::::::::::::::::::::::::#
#:::::::::::::::::::::::::::::::::::::#
#:::::::::::::::::::::::::::::::::::::#
#:::::::::::::::::::::::::::::::::::::#
#:::::::::::::::::::::::::::::::::::::#
#:::::::::::::::::::::::::::::::::::::#
#:::::::::::::::::::::::::::::::::::::#
#:::::::::::::::::::::::::::::::::::::#
#:::::::::::::::::::::::::::::::::::::#
#:::::::::::::::::::::::::::::::::::::#
#:::::::::::::::::::::::::::::::::::::#
#:::::::::::::::::::::::::::::::::::::#
#:::::::::::::::::::::::::::::::::::::#
#:::::::::::::::::::::::::::::::::::::#
#:::::::::::::::::::::::::::::::::::::#
#:::::::::::::::::::::::::::::::::::::#
#:::::::::::::::::::::::::::::::::::::#
#:::::::::::::::::::::::::::::::::::::#
#:::::::::::::::::::::::::::::::::::::#
#:::::::::::::::::::::::::::::::::::::#
#:::::::::::::::::::::::::::::::::::::#
#:::::::::::::::::::::::::::::::::::::#
#:::::::::::::::::::::::::::::::::::::#
#:::::::::::::::::::::::::::::::::::::#
#:::::::::::::::::::::::::::::::::::::#
#:::::::::::::::::::::::::::::::::::::#
#:::::::::::::::::::::::::::::::::::::#
#:::::::::::::::::::::::::::::::::::::#
#:::::::::::::::::::::::::::::::::::::#
#:::::::::::::::::::::::::::::::::::::#
#:::::::::::::::::::::::::::::::::::::#
#######################################
#########################
#:::::::::::::::::::::::#
#:::::::::::::::::::::::#
#:::::::::::::::::::::::#
#:::::::::::::::::::::::#
#:::::::::::::::::::::::#
#:::::::::::::::::::::::#
#:::::::::::::::::::::::#
#:::::::::::::::::::::::#
#:::::::::::::::::::::::#
#:::::::::::::::::::::::#
#########################
##################################
#::::::::::::::::::::::::::::::::#
#::::::::::::::::::::::::::::::::#
#::::::::::::::::::::::::::::::::#
#::::::::::::::::::::::::::::::::#
#::::::::::::::::::::::::::::::::#
#::::::::::::::::::::::::::::::::#
#::::::::::::::::::::::::::::::::#
#::::::::::::::::::::::::::::::::#
##################################
#######################################
#:::::::::::::::::::::::::::::::::::::#
#:::::::::::::::::::::::::::::::::::::#
#:::::::::::::::::::::::::::::::::::::#
#:::::::::::::::::::::::::::::::::::::#
#:::::::::::::::::::::::::::::::::::::#
#:::::::::::::::::::::::::::::::::::::#
#:::::::::::::::::::::::::::::::::::::#
#######################################
##############################
#::::::::::::::::::::::::::::#
#::::::::::::::::::::::::::::#
#::::::::::::::::::::::::::::#
#::::::::::::::::::::::::::::#
#::::::::::::::::::::::::::::#
#::::::::::::::::::::::::::::#
#::::::::::::::::::::::::::::#
#::::::::::::::::::::::::::::#
#::::::::::::::::::::::::::::#
#::::::::::::::::::::::::::::#
#::::::::::::::::::::::::::::#
#::::::::::::::::::::::::::::#
#::::::::::::::::::::::::::::#
#::::::::::::::::::::::::::::#
#::::::::::::::::::::::::::::#
#::::::::::::::::::::::::::::#
#::::::::::::::::::::::::::::#
#::::::::::::::::::::::::::::#
#::::::::::::::::::::::::::::#
#::::::::::::::::::::::::::::#
#::::::::::::::::::::::::::::#
##############################
####################
#::::::::::::::::::#
#::::::::::::::::::#
#::::::::::::::::::#
#::::::::::::::::::#
#::::::::::::::::::#
#::::::::::::::::::#
#::::::::::::::::::#
#::::::::::::::::::#
#::::::::::::::::::#
#::::::::::::::::::#
#::::::::::::::::::#
#::::::::::::::::::#
#::::::::::::::::::#
#::::::::::::::::::#
#::::::::::::::::::#
#::::::::::::::::::#
#::::::::::::::::::#
#::::::::::::::::::#
#::::::::::::::::::#
#::::::::::::::::::#
#::::::::::::::::::#
#::::::::::::::::::#
#::::::::::::::::::#
#::::::::::::::::::#
####################
